// Jest Snapshot v1, https://goo.gl/fbAQLP

exports[`LatestNewsCard renders with default values 1`] = `
<styles__Card>
  <styles__CardHeader>
    <styles__NewsCategory
      backgroundColor="#304242"
    >
      Amazing News!!
    </styles__NewsCategory>
    <styles__NewsMetrics>
      <NewsDate
        date="2019-03-28T20:30+00:00"
      />
    </styles__NewsMetrics>
  </styles__CardHeader>
  <styles__CardTitle>
    <styles__UnderlineContainer>
      Here is some news!
    </styles__UnderlineContainer>
  </styles__CardTitle>
</styles__Card>
`;
