// Jest Snapshot v1, https://goo.gl/fbAQLP

exports[`NewsCategory renders with default values 1`] = `
<styles__NewsCategoryContainer
  backgroundColor="#eeeeee"
  className=""
>
  title
</styles__NewsCategoryContainer>
`;
