// Jest Snapshot v1, https://goo.gl/fbAQLP

exports[`<BannerDate/> renders 1`] = `
<bannerDate__BannerDateWrapper>
  <bannerDate__BannerDate>
    foo
  </bannerDate__BannerDate>
</bannerDate__BannerDateWrapper>
`;
