// Jest Snapshot v1, https://goo.gl/fbAQLP

exports[`<Button/> matches snapshot 1`] = `
<Buttonstyles__StyledButton
  renderAs="button"
  variant="primary"
/>
`;
