// Jest Snapshot v1, https://goo.gl/fbAQLP

exports[`DonateButtonsGroup DonateButtonsGroup snapshot 1`] = `
<styles__ButtonsContainer>
  <styles__ButtonsGroup>
    <Button
      className=""
      disabled={false}
      flexwidth={true}
      fullmobile={false}
      link={true}
      onClick={null}
      primary={true}
      small={false}
      to="https://donate.prideinlondon.org/?amount=5"
      type="button"
      white={false}
      wide={true}
    >
       
      £5
       
    </Button>
    <Button
      className=""
      disabled={false}
      flexwidth={true}
      fullmobile={false}
      link={true}
      onClick={null}
      primary={true}
      small={false}
      to="https://donate.prideinlondon.org/?amount=10"
      type="button"
      white={false}
      wide={true}
    >
       
      £10
       
    </Button>
    <Button
      className=""
      disabled={false}
      flexwidth={true}
      fullmobile={false}
      link={true}
      onClick={null}
      primary={true}
      small={false}
      to="https://donate.prideinlondon.org/?amount=20"
      type="button"
      white={false}
      wide={true}
    >
       
      £20
       
    </Button>
  </styles__ButtonsGroup>
  <span>
     OR 
  </span>
  <styles__ButtonSingle>
    <Button
      className=""
      disabled={false}
      flexwidth={false}
      fullmobile={true}
      link={true}
      onClick={null}
      primary={false}
      small={true}
      to="https://donate.prideinlondon.org"
      type="button"
      white={false}
      wide={true}
    >
      Choose your own amount
       
    </Button>
  </styles__ButtonSingle>
</styles__ButtonsContainer>
`;
