// Jest Snapshot v1, https://goo.gl/fbAQLP

exports[`ShowMoreButton renders component 1`] = `
<Gridstyles__Row
  display="flex"
  flexWrap="wrap"
  pb={
    Array [
      30,
      30,
      50,
    ]
  }
>
  <Gridstyles__Column
    mx="auto"
    pt={
      Array [
        30,
        30,
        50,
      ]
    }
  >
    <Button
      className=""
      disabled={false}
      flexwidth={false}
      fullmobile={false}
      link={false}
      onClick={[MockFunction]}
      primary={true}
      small={false}
      to={null}
      type="button"
      white={false}
      wide={true}
    >
      Foo
    </Button>
  </Gridstyles__Column>
</Gridstyles__Row>
`;
