// Jest Snapshot v1, https://goo.gl/fbAQLP

exports[`NewsMetrics renders with default values 1`] = `
<styles__NewsMetricsContainer
  className="className"
>
  <NewsDate
    date="2019-03-28T20:30+00:00"
  />
</styles__NewsMetricsContainer>
`;
