// Jest Snapshot v1, https://goo.gl/fbAQLP

exports[`NewsContainer should render correctly 1`] = `
<section>
  <Gridstyles__Container
    mx="auto"
  >
    <Gridstyles__Row
      display="flex"
      flexWrap="wrap"
    >
      <Gridstyles__Column
        width={1}
      >
        <Title
          className={null}
          isCentered={false}
          isLight={false}
        >
          News
        </Title>
      </Gridstyles__Column>
    </Gridstyles__Row>
  </Gridstyles__Container>
  <Gridstyles__GreyWrapper>
    <FeaturedArticleContainer />
    <FilteredPagedCardContainer
      CardComponent={[Function]}
      cardContent={
        Array [
          Object {
            "category": Array [
              "Research",
            ],
            "datePublished": "2019-12-19",
            "id": "0-Research",
            "readTime": null,
            "slug": "news-and-views/title",
            "title": "Title",
          },
          Object {
            "category": Array [
              "Research",
            ],
            "datePublished": "2019-12-19",
            "id": "1-Research",
            "readTime": null,
            "slug": "news-and-views/title",
            "title": "Title",
          },
          Object {
            "category": Array [
              "General",
            ],
            "datePublished": "2019-12-19",
            "id": "0-General",
            "readTime": null,
            "slug": "news-and-views/title",
            "title": "Title",
          },
          Object {
            "category": Array [
              "General",
            ],
            "datePublished": "2019-12-19",
            "id": "1-General",
            "readTime": null,
            "slug": "news-and-views/title",
            "title": "Title",
          },
          Object {
            "category": Array [
              "General",
            ],
            "datePublished": "2019-12-19",
            "id": "2-General",
            "readTime": null,
            "slug": "news-and-views/title",
            "title": "Title",
          },
          Object {
            "category": Array [
              "General",
            ],
            "datePublished": "2019-12-19",
            "id": "3-General",
            "readTime": null,
            "slug": "news-and-views/title",
            "title": "Title",
          },
          Object {
            "category": Array [
              "General",
            ],
            "datePublished": "2019-12-19",
            "id": "4-General",
            "readTime": null,
            "slug": "news-and-views/title",
            "title": "Title",
          },
          Object {
            "category": Array [
              "General",
            ],
            "datePublished": "2019-12-19",
            "id": "5-General",
            "readTime": null,
            "slug": "news-and-views/title",
            "title": "Title",
          },
          Object {
            "category": Array [
              "General",
            ],
            "datePublished": "2019-12-19",
            "id": "6-General",
            "readTime": null,
            "slug": "news-and-views/title",
            "title": "Title",
          },
          Object {
            "category": Array [
              "General",
            ],
            "datePublished": "2019-12-19",
            "id": "7-General",
            "readTime": null,
            "slug": "news-and-views/title",
            "title": "Title",
          },
          Object {
            "category": Array [
              "General",
            ],
            "datePublished": "2019-12-19",
            "id": "8-General",
            "readTime": null,
            "slug": "news-and-views/title",
            "title": "Title",
          },
          Object {
            "category": Array [
              "General",
            ],
            "datePublished": "2019-12-19",
            "id": "9-General",
            "readTime": null,
            "slug": "news-and-views/title",
            "title": "Title",
          },
          Object {
            "category": Array [
              "General",
            ],
            "datePublished": "2019-12-19",
            "id": "10-General",
            "readTime": null,
            "slug": "news-and-views/title",
            "title": "Title",
          },
          Object {
            "category": Array [
              "General",
            ],
            "datePublished": "2019-12-19",
            "id": "11-General",
            "readTime": null,
            "slug": "news-and-views/title",
            "title": "Title",
          },
          Object {
            "category": Array [
              "General",
            ],
            "datePublished": "2019-12-19",
            "id": "12-General",
            "readTime": null,
            "slug": "news-and-views/title",
            "title": "Title",
          },
          Object {
            "category": Array [
              "General",
            ],
            "datePublished": "2019-12-19",
            "id": "13-General",
            "readTime": null,
            "slug": "news-and-views/title",
            "title": "Title",
          },
          Object {
            "category": Array [
              "General",
            ],
            "datePublished": "2019-12-19",
            "id": "14-General",
            "readTime": null,
            "slug": "news-and-views/title",
            "title": "Title",
          },
        ]
      }
      categories={
        Array [
          Object {
            "hexColour": "#FFD95E",
            "title": "All Articles",
          },
          Object {
            "hexColour": "#2CDA9D",
            "title": "Research",
          },
        ]
      }
      filterType="radio"
      pageSize={9}
      showAllCategoryTitle="All Articles"
      showMoreButtonText="Show more articles"
    />
  </Gridstyles__GreyWrapper>
</section>
`;
