// Jest Snapshot v1, https://goo.gl/fbAQLP

exports[`ParadeGroupsContainer should render correctly 1`] = `
<Fragment>
  <ParadeGroupsFilterContainer
    categories={
      Array [
        Object {
          "hexColour": "#FFD95E",
          "title": "All groups",
        },
        Object {
          "hexColour": "#FF5B44",
          "title": "Arts",
        },
        Object {
          "hexColour": "#ED2C6E",
          "title": "Business",
        },
      ]
    }
    handleFilterClick={[Function]}
    selectedFilter={
      Object {
        "hexColour": "#FFD95E",
        "title": "All groups",
      }
    }
  />
  <styles__LetterContainer>
    <styles__ScrolledLetters>
      <LetterLink
        isActive={false}
        isDisabled={true}
        key="#"
        letter="#"
      />
      <LetterLink
        isActive={false}
        isDisabled={false}
        key="a"
        letter="a"
      />
      <LetterLink
        isActive={false}
        isDisabled={false}
        key="b"
        letter="b"
      />
      <LetterLink
        isActive={false}
        isDisabled={true}
        key="c"
        letter="c"
      />
      <LetterLink
        isActive={false}
        isDisabled={true}
        key="d"
        letter="d"
      />
      <LetterLink
        isActive={false}
        isDisabled={true}
        key="e"
        letter="e"
      />
      <LetterLink
        isActive={false}
        isDisabled={true}
        key="f"
        letter="f"
      />
      <LetterLink
        isActive={false}
        isDisabled={true}
        key="g"
        letter="g"
      />
      <LetterLink
        isActive={false}
        isDisabled={true}
        key="h"
        letter="h"
      />
      <LetterLink
        isActive={false}
        isDisabled={true}
        key="i"
        letter="i"
      />
      <LetterLink
        isActive={false}
        isDisabled={true}
        key="j"
        letter="j"
      />
      <LetterLink
        isActive={false}
        isDisabled={true}
        key="k"
        letter="k"
      />
      <LetterLink
        isActive={false}
        isDisabled={true}
        key="l"
        letter="l"
      />
      <LetterLink
        isActive={false}
        isDisabled={true}
        key="m"
        letter="m"
      />
      <LetterLink
        isActive={false}
        isDisabled={true}
        key="n"
        letter="n"
      />
      <LetterLink
        isActive={false}
        isDisabled={true}
        key="o"
        letter="o"
      />
      <LetterLink
        isActive={false}
        isDisabled={true}
        key="p"
        letter="p"
      />
      <LetterLink
        isActive={false}
        isDisabled={true}
        key="q"
        letter="q"
      />
      <LetterLink
        isActive={false}
        isDisabled={true}
        key="r"
        letter="r"
      />
      <LetterLink
        isActive={false}
        isDisabled={true}
        key="s"
        letter="s"
      />
      <LetterLink
        isActive={false}
        isDisabled={true}
        key="t"
        letter="t"
      />
      <LetterLink
        isActive={false}
        isDisabled={true}
        key="u"
        letter="u"
      />
      <LetterLink
        isActive={false}
        isDisabled={true}
        key="v"
        letter="v"
      />
      <LetterLink
        isActive={false}
        isDisabled={true}
        key="w"
        letter="w"
      />
      <LetterLink
        isActive={false}
        isDisabled={true}
        key="x"
        letter="x"
      />
      <LetterLink
        isActive={false}
        isDisabled={true}
        key="y"
        letter="y"
      />
      <LetterLink
        isActive={false}
        isDisabled={true}
        key="z"
        letter="z"
      />
    </styles__ScrolledLetters>
  </styles__LetterContainer>
  <div>
    <LetterGroup
      letter="a"
    >
      <ParadeGroup
        facebookUrl={null}
        instagramUrl={null}
        key="1"
        name="A group"
        twitterUrl={null}
        websiteUrl={null}
      />
    </LetterGroup>
    <LetterGroup
      letter="b"
    >
      <ParadeGroup
        facebookUrl={null}
        instagramUrl={null}
        key="2"
        name="B group"
        twitterUrl={null}
        websiteUrl={null}
      />
    </LetterGroup>
  </div>
</Fragment>
`;
