// Jest Snapshot v1, https://goo.gl/fbAQLP

exports[`LatestNews renders with default values 1`] = `
<styles__Background
  to="/some/slug"
>
  <styles__ImgWrapper>
    <styles__LatestNewsImg
      alt="Latest News Image"
      fixed={
        Object {
          "base64": "abc",
          "height": 830,
          "src": "src",
          "srcSet": "srcset",
          "width": 500,
        }
      }
    />
  </styles__ImgWrapper>
  <styles__LatestNewsCardContainer>
    <styles__NewsCard
      category={
        Object {
          "hexColour": "#304242",
          "title": "Amazing News!!",
        }
      }
      datePublished="2019-03-28T20:30+00:00"
      readTime={10}
      renderAs="div"
      slug="some/slug"
      title="Here is some news!"
    />
  </styles__LatestNewsCardContainer>
</styles__Background>
`;
