// Jest Snapshot v1, https://goo.gl/fbAQLP

exports[`Arrow renders with default values 1`] = `
<styles__ArrowContainer
  left={false}
  onClick={[Function]}
  type="button"
>
  &gt;
</styles__ArrowContainer>
`;
