// Jest Snapshot v1, https://goo.gl/fbAQLP

exports[`PageContent renders with default values 1`] = `
<Fragment>
  <BlogHeader
    category={
      Object {
        "hexColour": "#eeeeee",
        "title": "Resaearch",
      }
    }
    datePublished="2019-03-28T20:30+00:00"
    readLength={null}
    title="Title"
  />
  <BlogContent
    article={Object {}}
  />
  <BlogFooter
    author={null}
  />
</Fragment>
`;
