// Jest Snapshot v1, https://goo.gl/fbAQLP

exports[`<BannerDate/> renders the component <BannerDate /> 1`] = `
<styles__BannerDateWrapper>
  <styles__BannerDate>
    foo
  </styles__BannerDate>
</styles__BannerDateWrapper>
`;
