// Jest Snapshot v1, https://goo.gl/fbAQLP

exports[`CheckboxSet renders 1`] = `<CheckboxSetstyles__List />`;
