// Jest Snapshot v1, https://goo.gl/fbAQLP

exports[`The Events You May Like component should matchsnapshot 1`] = `
<Styled(Styled(Box))>
  <Styled(Row)>
    <styled.h1>
      You may also like
    </styled.h1>
    <styled.a
      href="/events"
    >
      View all
      <styled.span>
         events
      </styled.span>
       
      <ChevronRight />
    </styled.a>
  </Styled(Row)>
  <Row>
    <Styled(Column)
      key="123"
      width={
        Array [
          1,
          1,
          0.5,
          0.3333333333333333,
        ]
      }
    >
      <EventListingCard
        event={
          Object {
            "eventsListPicture": Object {
              "file": Object {
                "url": "123123",
              },
            },
            "id": "123",
            "startTime": "2035-06-02T13:30+01:00",
          }
        }
      />
    </Styled(Column)>
  </Row>
</Styled(Styled(Box))>
`;
