// Jest Snapshot v1, https://goo.gl/fbAQLP

exports[`The GroupedEventsCards component Render Snapshot 1`] = `
<Gridstyles__AnimatedFlexColumn
  animation={false}
  display={
    Object {
      "default": "block",
      "md": "flex",
    }
  }
  key="123"
  padding={
    Object {
      "default": "10px 5px",
      "lg": "10px 15px",
      "sm": "10px",
    }
  }
  py={
    Array [
      2,
      2,
      2,
      3,
    ]
  }
  width={
    Array [
      1,
      1,
      0.5,
      0.3333333333333333,
    ]
  }
>
  <EventListingCard
    displaycolumn={false}
    event={
      Object {
        "accessibilityOptions": Array [
          "My venue doesn't cater for any of these accessibility needs",
        ],
        "audience": Array [
          "18+",
        ],
        "endTime": "2035-06-07T20:30+01:00",
        "eventCategories": Array [
          "Talks and Debates",
        ],
        "eventPriceLow": 0,
        "eventsListPicture": Object {
          "fixed": Object {
            "base64": "",
            "height": 235,
            "src": "",
            "srcSet": "",
            "srcSetWebp": "",
            "srcWebp": "",
            "width": 400,
          },
        },
        "id": "123",
        "name": "Diversity by Default",
        "postcode": "TEST",
        "recurrenceDates": null,
        "startTime": "2035-06-02T13:30+01:00",
      }
    }
  />
</Gridstyles__AnimatedFlexColumn>
`;
